error: malformed wither model read concern attribute
 --> $DIR/model-read-concern-invalid.rs:5:9
  |
5 | #[model(read_concern="invalid")]
  |         ^^^^^^^^^^^^^^^^^^^^^^
  |
  = help: Unknown literal value `invalid`
